// Jest Snapshot v1, https://goo.gl/fbAQLP

exports[`MapValidator result & error error is PrimitiveTypeName then validation will fail 1`] = `
Object {
  "profile-provider": Object {
    "errors": "5:21 PrimitiveLiteral - Wrong Structure: expected \\"NOTFOUND or BADREQUEST\\", but got \\"\\"wrong\\"\\"",
  },
}
`;

exports[`MapValidator result & error error is PrimitiveTypeName then validation will pass 1`] = `
Object {
  "profile-provider": Object {},
}
`;

exports[`MapValidator result & error error is a list non null list with primitive or object type then validation will fail 1`] = `
Object {
  "profile-provider": Object {
    "errors": "5:23 ArrayLiteralExpression - Wrong Structure: expected \\"[boolean | {  }]\\", but got \\"[true, 2]\\"
6:23 ArrayLiteralExpression - Wrong Structure: expected \\"[boolean | {  }]\\", but got \\"[true, 2, {}]\\"
7:23 ArrayLiteralExpression - Wrong Structure: expected \\"[boolean | {  }]\\", but got \\"[[true]]\\"",
  },
}
`;

exports[`MapValidator result & error error is a list non null list with primitive or object type then validation will pass 1`] = `
Object {
  "profile-provider": Object {},
}
`;

exports[`MapValidator result & error error is a list non null primitive or object type then validation will fail 1`] = `
Object {
  "profile-provider": Object {
    "errors": "5:23 ArrayLiteralExpression - Wrong Structure: expected \\"[NonNull boolean | NonNull {  }]\\", but got \\"[null]\\"
6:23 ArrayLiteralExpression - Wrong Structure: expected \\"[NonNull boolean | NonNull {  }]\\", but got \\"[undefined]\\"
7:23 ArrayLiteralExpression - Wrong Structure: expected \\"[NonNull boolean | NonNull {  }]\\", but got \\"[true, 2]\\"
8:23 ArrayLiteralExpression - Wrong Structure: expected \\"[NonNull boolean | NonNull {  }]\\", but got \\"[true, 2, {}]\\"
9:23 ArrayLiteralExpression - Wrong Structure: expected \\"[NonNull boolean | NonNull {  }]\\", but got \\"[[true]]\\"",
  },
}
`;

exports[`MapValidator result & error error is a list non null primitive or object type then validation will pass 1`] = `
Object {
  "profile-provider": Object {},
}
`;

exports[`MapValidator result & error error is a list non null primitive type or possibly null object type then validation will fail 1`] = `
Object {
  "profile-provider": Object {
    "errors": "5:23 ArrayLiteralExpression - Wrong Structure: expected \\"[NonNull boolean | {  }]\\", but got \\"[true, 2]\\"
6:23 ArrayLiteralExpression - Wrong Structure: expected \\"[NonNull boolean | {  }]\\", but got \\"[true, 2, {}]\\"
7:23 ArrayLiteralExpression - Wrong Structure: expected \\"[NonNull boolean | {  }]\\", but got \\"[[true]]\\"",
  },
}
`;

exports[`MapValidator result & error error is a list non null primitive type or possibly null object type then validation will pass 1`] = `
Object {
  "profile-provider": Object {},
}
`;

exports[`MapValidator result & error error is a list non null primitive type then validation will fail 1`] = `
Object {
  "profile-provider": Object {
    "errors": "5:25 NullKeyword - Wrong Structure: expected \\"NonNull boolean\\", but got \\"null\\"
6:25 ObjectLiteralExpression - Wrong Structure: expected \\"boolean\\", but got \\"{}\\"
7:37 ObjectLiteralExpression - Wrong Structure: expected \\"boolean\\", but got \\"{}\\"
8:37 FirstLiteralToken - Wrong Structure: expected \\"boolean\\", but got \\"2\\"
9:25 ArrayLiteralExpression - Wrong Structure: expected \\"boolean\\", but got \\"[true]\\"",
  },
}
`;

exports[`MapValidator result & error error is a list non null primitive type then validation will pass 1`] = `
Object {
  "profile-provider": Object {},
}
`;

exports[`MapValidator result & error error is a list primitive or object type then validation will fail 1`] = `
Object {
  "profile-provider": Object {
    "errors": "5:23 ArrayLiteralExpression - Wrong Structure: expected \\"[boolean | {  }]\\", but got \\"[2]\\"
6:23 ArrayLiteralExpression - Wrong Structure: expected \\"[boolean | {  }]\\", but got \\"[[true]]\\"
7:23 ArrayLiteralExpression - Wrong Structure: expected \\"[boolean | {  }]\\", but got \\"[true, 2, {}]\\"",
  },
}
`;

exports[`MapValidator result & error error is a list primitive or object type then validation will pass 1`] = `
Object {
  "profile-provider": Object {},
}
`;

exports[`MapValidator result & error error is a list primitive type then validation will fail 1`] = `
Object {
  "profile-provider": Object {
    "errors": "5:25 FirstLiteralToken - Wrong Structure: expected \\"boolean\\", but got \\"2\\"
6:25 ObjectLiteralExpression - Wrong Structure: expected \\"boolean\\", but got \\"{}\\"",
  },
}
`;

exports[`MapValidator result & error error is a list primitive type then validation will pass 1`] = `
Object {
  "profile-provider": Object {},
}
`;

exports[`MapValidator result & error error is an object fields: f1, f2, where f2 is non null then validation will fail 1`] = `
Object {
  "profile-provider": Object {
    "errors": "7:20 NullKeyword - Wrong Structure: expected \\"NonNull number\\", but got \\"null\\"
10:20 NullKeyword - Wrong Structure: expected \\"NonNull number\\", but got \\"null\\"",
    "warnings": "9:23 ObjectLiteral - Wrong Object Structure: expected \\"{ f1: string, f2: NonNull number }\\", but got \\"{ f2: null, f3: 3 }\\"",
  },
}
`;

exports[`MapValidator result & error error is an object fields: f1, f2, where f2 is non null then validation will pass 1`] = `
Object {
  "profile-provider": Object {
    "warnings": "24:23 ObjectLiteral - Wrong Object Structure: expected \\"{ f1: string, f2: NonNull number }\\", but got \\"{ f1: \\"some string\\", f2: 2, f3: 3 }\\"
29:23 ObjectLiteral - Wrong Object Structure: expected \\"{ f1: string, f2: NonNull number }\\", but got \\"{ f2: 2, f3: 3 }\\"",
  },
}
`;

exports[`MapValidator result & error error is an object non null field f1 then validation will fail 1`] = `
Object {
  "profile-provider": Object {
    "errors": "6:20 NullKeyword - Wrong Structure: expected \\"NonNull string\\", but got \\"null\\"
9:20 ArrayLiteralExpression - Wrong Structure: expected \\"string\\", but got \\"[\\"some\\", \\"key\\"]\\"",
  },
}
`;

exports[`MapValidator result & error error is an object non null field f1 then validation will pass 1`] = `
Object {
  "profile-provider": Object {
    "warnings": "10:23 ObjectLiteral - Wrong Object Structure: expected \\"{ f1: NonNull string }\\", but got \\"{ f1: \\"some string\\", f3: 3 }\\"
14:23 ObjectLiteral - Wrong Object Structure: expected \\"{ f1: NonNull string }\\", but got \\"{ f3: 3 }\\"",
  },
}
`;

exports[`MapValidator result & error error is an object non null fields: f1, f2 then validation will fail 1`] = `
Object {
  "profile-provider": Object {
    "errors": "6:20 NullKeyword - Wrong Structure: expected \\"NonNull string\\", but got \\"null\\"
9:20 NullKeyword - Wrong Structure: expected \\"NonNull string\\", but got \\"null\\"
10:20 NullKeyword - Wrong Structure: expected \\"NonNull number\\", but got \\"null\\"",
  },
}
`;

exports[`MapValidator result & error error is an object non null fields: f1, f2 then validation will pass 1`] = `
Object {
  "profile-provider": Object {
    "warnings": "17:23 ObjectLiteral - Wrong Object Structure: expected \\"{ f1: NonNull string, f2: NonNull number }\\", but got \\"{ f1: \\"some string\\", f3: 3 }\\"
21:23 ObjectLiteral - Wrong Object Structure: expected \\"{ f1: NonNull string, f2: NonNull number }\\", but got \\"{ f1: \\"some string\\", f2: 2, f3: 3 }\\"",
  },
}
`;

exports[`MapValidator result & error error is an object non null object with two required fields f1, f2 then validation will fail 1`] = `
Object {
  "profile-provider": Object {
    "errors": "5:23 ObjectLiteral - Missing required field
5:23 ObjectLiteral - Missing required field
8:20 NullKeyword - Wrong Structure: expected \\"NonNull string\\", but got \\"null\\"
7:23 ObjectLiteral - Missing required field
10:23 ObjectLiteral - Missing required field
13:23 NullKeyword - Wrong Structure: expected \\"NonNull { f1: NonNull string, f2: NonNull number }\\", but got \\"null\\"",
  },
}
`;

exports[`MapValidator result & error error is an object non null object with two required fields f1, f2 then validation will pass 1`] = `
Object {
  "profile-provider": Object {
    "warnings": "9:23 ObjectLiteral - Wrong Object Structure: expected \\"{ f1: NonNull string, f2: NonNull number }\\", but got \\"{ f1: \\"some string\\", f2: 2, f3: 3 }\\"",
  },
}
`;

exports[`MapValidator result & error error is an object one required and one not required field: f1, f2 then validation will fail 1`] = `
Object {
  "profile-provider": Object {
    "errors": "5:23 ObjectLiteral - Missing required field
8:20 NullKeyword - Wrong Structure: expected \\"NonNull string\\", but got \\"null\\"
11:20 NullKeyword - Wrong Structure: expected \\"NonNull boolean\\", but got \\"null\\"
10:23 ObjectLiteral - Missing required field
14:20 NullKeyword - Wrong Structure: expected \\"NonNull string\\", but got \\"null\\"
15:20 NullKeyword - Wrong Structure: expected \\"NonNull boolean\\", but got \\"null\\"
17:23 ObjectLiteral - Missing required field",
  },
}
`;

exports[`MapValidator result & error error is an object one required and one not required field: f1, f2 then validation will pass 1`] = `
Object {
  "profile-provider": Object {
    "warnings": "12:23 ObjectLiteral - Wrong Object Structure: expected \\"{ f1: NonNull string, f2: NonNull boolean }\\", but got \\"{ f1: \\"some string\\", f3: 3 }\\"
16:23 ObjectLiteral - Wrong Object Structure: expected \\"{ f1: NonNull string, f2: NonNull boolean }\\", but got \\"{ f1: \\"some string\\", f2: false, f3: 3 }\\"",
  },
}
`;

exports[`MapValidator result & error error is an object one required field: f1 then validation will fail 1`] = `
Object {
  "profile-provider": Object {
    "errors": "5:23 ObjectLiteral - Missing required field
8:20 NullKeyword - Wrong Structure: expected \\"NonNull string\\", but got \\"null\\"",
  },
}
`;

exports[`MapValidator result & error error is an object one required field: f1 then validation will pass 1`] = `
Object {
  "profile-provider": Object {
    "warnings": "8:23 ObjectLiteral - Wrong Object Structure: expected \\"{ f1: NonNull string }\\", but got \\"{ f1: \\"some string\\", f3: 3 }\\"",
  },
}
`;

exports[`MapValidator result & error error is an object possibly null field f1 then validation will fail 1`] = `
Object {
  "profile-provider": Object {
    "errors": "ObjectLiteral - Wrong Structure: expected \\"string\\", but got \\"{ inner: 2 }\\"",
  },
}
`;

exports[`MapValidator result & error error is an object possibly null field f1 then validation will pass 1`] = `
Object {
  "profile-provider": Object {
    "warnings": "10:23 ObjectLiteral - Wrong Object Structure: expected \\"{ f1: string }\\", but got \\"{ f1: null, f2: null }\\"
14:23 ObjectLiteral - Wrong Object Structure: expected \\"{ f1: string }\\", but got \\"{ f1: \\"some string\\", f2: 2 }\\"
18:23 ObjectLiteral - Wrong Object Structure: expected \\"{ f1: string }\\", but got \\"{ f2: 2 }\\"",
  },
}
`;

exports[`MapValidator result & error error is an object possibly null fields: f1, f2 then validation will fail 1`] = `
Object {
  "profile-provider": Object {
    "errors": "6:20 ArrayLiteralExpression - Wrong Structure: expected \\"string\\", but got \\"[\\"some\\", \\"key\\"]\\"",
  },
}
`;

exports[`MapValidator result & error error is an object possibly null fields: f1, f2 then validation will pass 1`] = `
Object {
  "profile-provider": Object {
    "warnings": "27:23 ObjectLiteral - Wrong Object Structure: expected \\"{ f1: string, f2: number }\\", but got \\"{ f1: \\"some string\\", f3: 3 }\\"
31:23 ObjectLiteral - Wrong Object Structure: expected \\"{ f1: string, f2: number }\\", but got \\"{ f3: 3 }\\"",
  },
}
`;

exports[`MapValidator result & error error is an object required fields: f1, f2 then validation will fail 1`] = `
Object {
  "profile-provider": Object {
    "errors": "5:23 ObjectLiteral - Missing required field
5:23 ObjectLiteral - Missing required field
8:20 NullKeyword - Wrong Structure: expected \\"NonNull string\\", but got \\"null\\"
7:23 ObjectLiteral - Missing required field
11:20 NullKeyword - Wrong Structure: expected \\"NonNull boolean\\", but got \\"null\\"
10:23 ObjectLiteral - Missing required field
14:20 NullKeyword - Wrong Structure: expected \\"NonNull string\\", but got \\"null\\"
15:20 NullKeyword - Wrong Structure: expected \\"NonNull boolean\\", but got \\"null\\"
17:23 ObjectLiteral - Missing required field
20:23 ObjectLiteral - Missing required field",
  },
}
`;

exports[`MapValidator result & error error is an object required fields: f1, f2 then validation will pass 1`] = `
Object {
  "profile-provider": Object {
    "warnings": "9:23 ObjectLiteral - Wrong Object Structure: expected \\"{ f1: NonNull string, f2: NonNull boolean }\\", but got \\"{ f1: \\"some string\\", f2: true, f3: 3 }\\"",
  },
}
`;

exports[`MapValidator result & error error is conditioned then validation will pass 1`] = `
Object {
  "profile-provider": Object {
    "warnings": "6:24 ObjectLiteralExpression - Wrong Structure: expected \\"string\\", but got \\"{}\\"
8:31 PrimitiveLiteral - Wrong Structure: expected \\"{ f1: { inner: string } }\\", but got \\"\\"some string\\"\\"",
  },
}
`;

exports[`MapValidator result & error result is PrimitiveTypeName then validation will fail 1`] = `
Object {
  "profile-provider": Object {
    "errors": "5:22 PrimitiveLiteral - Wrong Structure: expected \\"NOTFOUND or BADREQUEST\\", but got \\"\\"wrong\\"\\"",
  },
}
`;

exports[`MapValidator result & error result is PrimitiveTypeName then validation will pass 1`] = `
Object {
  "profile-provider": Object {},
}
`;

exports[`MapValidator result & error result is a list non null list with primitive or object type then validation will fail 1`] = `
Object {
  "profile-provider": Object {
    "errors": "5:24 ArrayLiteralExpression - Wrong Structure: expected \\"[boolean | {  }]\\", but got \\"[true, 2]\\"
6:24 ArrayLiteralExpression - Wrong Structure: expected \\"[boolean | {  }]\\", but got \\"[true, 2, {}]\\"
7:24 ArrayLiteralExpression - Wrong Structure: expected \\"[boolean | {  }]\\", but got \\"[[true]]\\"",
  },
}
`;

exports[`MapValidator result & error result is a list non null list with primitive or object type then validation will pass 1`] = `
Object {
  "profile-provider": Object {},
}
`;

exports[`MapValidator result & error result is a list non null primitive or object type then validation will fail 1`] = `
Object {
  "profile-provider": Object {
    "errors": "5:24 ArrayLiteralExpression - Wrong Structure: expected \\"[NonNull boolean | NonNull {  }]\\", but got \\"[null]\\"
6:24 ArrayLiteralExpression - Wrong Structure: expected \\"[NonNull boolean | NonNull {  }]\\", but got \\"[undefined]\\"
7:24 ArrayLiteralExpression - Wrong Structure: expected \\"[NonNull boolean | NonNull {  }]\\", but got \\"[true, 2]\\"
8:24 ArrayLiteralExpression - Wrong Structure: expected \\"[NonNull boolean | NonNull {  }]\\", but got \\"[true, 2, {}]\\"
9:24 ArrayLiteralExpression - Wrong Structure: expected \\"[NonNull boolean | NonNull {  }]\\", but got \\"[[true]]\\"",
  },
}
`;

exports[`MapValidator result & error result is a list non null primitive or object type then validation will pass 1`] = `
Object {
  "profile-provider": Object {},
}
`;

exports[`MapValidator result & error result is a list non null primitive type or possibly null object type then validation will fail 1`] = `
Object {
  "profile-provider": Object {
    "errors": "5:24 ArrayLiteralExpression - Wrong Structure: expected \\"[NonNull boolean | {  }]\\", but got \\"[true, 2]\\"
6:24 ArrayLiteralExpression - Wrong Structure: expected \\"[NonNull boolean | {  }]\\", but got \\"[true, 2, {}]\\"
7:24 ArrayLiteralExpression - Wrong Structure: expected \\"[NonNull boolean | {  }]\\", but got \\"[[true]]\\"",
  },
}
`;

exports[`MapValidator result & error result is a list non null primitive type or possibly null object type then validation will pass 1`] = `
Object {
  "profile-provider": Object {},
}
`;

exports[`MapValidator result & error result is a list non null primitive type then validation will fail 1`] = `
Object {
  "profile-provider": Object {
    "errors": "5:26 NullKeyword - Wrong Structure: expected \\"NonNull boolean\\", but got \\"null\\"
6:26 ObjectLiteralExpression - Wrong Structure: expected \\"boolean\\", but got \\"{}\\"
7:38 ObjectLiteralExpression - Wrong Structure: expected \\"boolean\\", but got \\"{}\\"
8:38 FirstLiteralToken - Wrong Structure: expected \\"boolean\\", but got \\"2\\"
9:26 ArrayLiteralExpression - Wrong Structure: expected \\"boolean\\", but got \\"[true]\\"",
  },
}
`;

exports[`MapValidator result & error result is a list non null primitive type then validation will pass 1`] = `
Object {
  "profile-provider": Object {},
}
`;

exports[`MapValidator result & error result is a list primitive or object type then validation will fail 1`] = `
Object {
  "profile-provider": Object {
    "errors": "5:24 ArrayLiteralExpression - Wrong Structure: expected \\"[boolean | {  }]\\", but got \\"[2]\\"
6:24 ArrayLiteralExpression - Wrong Structure: expected \\"[boolean | {  }]\\", but got \\"[[true]]\\"
7:24 ArrayLiteralExpression - Wrong Structure: expected \\"[boolean | {  }]\\", but got \\"[true, 2, {}]\\"",
  },
}
`;

exports[`MapValidator result & error result is a list primitive or object type then validation will pass 1`] = `
Object {
  "profile-provider": Object {},
}
`;

exports[`MapValidator result & error result is a list primitive type then validation will fail 1`] = `
Object {
  "profile-provider": Object {
    "errors": "5:26 FirstLiteralToken - Wrong Structure: expected \\"boolean\\", but got \\"2\\"
6:26 ObjectLiteralExpression - Wrong Structure: expected \\"boolean\\", but got \\"{}\\"",
  },
}
`;

exports[`MapValidator result & error result is a list primitive type then validation will pass 1`] = `
Object {
  "profile-provider": Object {},
}
`;

exports[`MapValidator result & error result is an object fields: f1, f2, where f2 is non null then validation will fail 1`] = `
Object {
  "profile-provider": Object {
    "errors": "7:20 NullKeyword - Wrong Structure: expected \\"NonNull number\\", but got \\"null\\"
10:20 NullKeyword - Wrong Structure: expected \\"NonNull number\\", but got \\"null\\"",
    "warnings": "9:24 ObjectLiteral - Wrong Object Structure: expected \\"{ f1: string, f2: NonNull number }\\", but got \\"{ f2: null, f3: 3 }\\"",
  },
}
`;

exports[`MapValidator result & error result is an object fields: f1, f2, where f2 is non null then validation will pass 1`] = `
Object {
  "profile-provider": Object {
    "warnings": "24:24 ObjectLiteral - Wrong Object Structure: expected \\"{ f1: string, f2: NonNull number }\\", but got \\"{ f1: \\"some string\\", f2: 2, f3: 3 }\\"
29:24 ObjectLiteral - Wrong Object Structure: expected \\"{ f1: string, f2: NonNull number }\\", but got \\"{ f2: 2, f3: 3 }\\"",
  },
}
`;

exports[`MapValidator result & error result is an object non null field f1 then validation will fail 1`] = `
Object {
  "profile-provider": Object {
    "errors": "6:20 NullKeyword - Wrong Structure: expected \\"NonNull string\\", but got \\"null\\"
9:20 ArrayLiteralExpression - Wrong Structure: expected \\"string\\", but got \\"[\\"some\\", \\"key\\"]\\"",
  },
}
`;

exports[`MapValidator result & error result is an object non null field f1 then validation will pass 1`] = `
Object {
  "profile-provider": Object {
    "warnings": "10:24 ObjectLiteral - Wrong Object Structure: expected \\"{ f1: NonNull string }\\", but got \\"{ f1: \\"some string\\", f3: 3 }\\"
14:24 ObjectLiteral - Wrong Object Structure: expected \\"{ f1: NonNull string }\\", but got \\"{ f3: 3 }\\"",
  },
}
`;

exports[`MapValidator result & error result is an object non null fields: f1, f2 then validation will fail 1`] = `
Object {
  "profile-provider": Object {
    "errors": "6:20 NullKeyword - Wrong Structure: expected \\"NonNull string\\", but got \\"null\\"
9:20 NullKeyword - Wrong Structure: expected \\"NonNull string\\", but got \\"null\\"
10:20 NullKeyword - Wrong Structure: expected \\"NonNull number\\", but got \\"null\\"",
  },
}
`;

exports[`MapValidator result & error result is an object non null fields: f1, f2 then validation will pass 1`] = `
Object {
  "profile-provider": Object {
    "warnings": "17:24 ObjectLiteral - Wrong Object Structure: expected \\"{ f1: NonNull string, f2: NonNull number }\\", but got \\"{ f1: \\"some string\\", f3: 3 }\\"
21:24 ObjectLiteral - Wrong Object Structure: expected \\"{ f1: NonNull string, f2: NonNull number }\\", but got \\"{ f1: \\"some string\\", f2: 2, f3: 3 }\\"",
  },
}
`;

exports[`MapValidator result & error result is an object non null object with two required fields f1, f2 then validation will fail 1`] = `
Object {
  "profile-provider": Object {
    "errors": "5:24 ObjectLiteral - Missing required field
5:24 ObjectLiteral - Missing required field
8:20 NullKeyword - Wrong Structure: expected \\"NonNull string\\", but got \\"null\\"
7:24 ObjectLiteral - Missing required field
10:24 ObjectLiteral - Missing required field
13:24 NullKeyword - Wrong Structure: expected \\"NonNull { f1: NonNull string, f2: NonNull number }\\", but got \\"null\\"",
  },
}
`;

exports[`MapValidator result & error result is an object non null object with two required fields f1, f2 then validation will pass 1`] = `
Object {
  "profile-provider": Object {
    "warnings": "9:24 ObjectLiteral - Wrong Object Structure: expected \\"{ f1: NonNull string, f2: NonNull number }\\", but got \\"{ f1: \\"some string\\", f2: 2, f3: 3 }\\"",
  },
}
`;

exports[`MapValidator result & error result is an object one required and one not required field: f1, f2 then validation will fail 1`] = `
Object {
  "profile-provider": Object {
    "errors": "5:24 ObjectLiteral - Missing required field
8:20 NullKeyword - Wrong Structure: expected \\"NonNull string\\", but got \\"null\\"
11:20 NullKeyword - Wrong Structure: expected \\"NonNull boolean\\", but got \\"null\\"
10:24 ObjectLiteral - Missing required field
14:20 NullKeyword - Wrong Structure: expected \\"NonNull string\\", but got \\"null\\"
15:20 NullKeyword - Wrong Structure: expected \\"NonNull boolean\\", but got \\"null\\"
17:24 ObjectLiteral - Missing required field",
  },
}
`;

exports[`MapValidator result & error result is an object one required and one not required field: f1, f2 then validation will pass 1`] = `
Object {
  "profile-provider": Object {
    "warnings": "12:24 ObjectLiteral - Wrong Object Structure: expected \\"{ f1: NonNull string, f2: NonNull boolean }\\", but got \\"{ f1: \\"some string\\", f3: 3 }\\"
16:24 ObjectLiteral - Wrong Object Structure: expected \\"{ f1: NonNull string, f2: NonNull boolean }\\", but got \\"{ f1: \\"some string\\", f2: false, f3: 3 }\\"",
  },
}
`;

exports[`MapValidator result & error result is an object one required field: f1 then validation will fail 1`] = `
Object {
  "profile-provider": Object {
    "errors": "5:24 ObjectLiteral - Missing required field
8:20 NullKeyword - Wrong Structure: expected \\"NonNull string\\", but got \\"null\\"",
  },
}
`;

exports[`MapValidator result & error result is an object one required field: f1 then validation will pass 1`] = `
Object {
  "profile-provider": Object {
    "warnings": "8:24 ObjectLiteral - Wrong Object Structure: expected \\"{ f1: NonNull string }\\", but got \\"{ f1: \\"some string\\", f3: 3 }\\"",
  },
}
`;

exports[`MapValidator result & error result is an object possibly null field f1 then validation will fail 1`] = `
Object {
  "profile-provider": Object {
    "errors": "ObjectLiteral - Wrong Structure: expected \\"string\\", but got \\"{ inner: 2 }\\"",
  },
}
`;

exports[`MapValidator result & error result is an object possibly null field f1 then validation will pass 1`] = `
Object {
  "profile-provider": Object {},
}
`;

exports[`MapValidator result & error result is an object possibly null fields: f1, f2 then validation will fail 1`] = `
Object {
  "profile-provider": Object {
    "errors": "6:20 ArrayLiteralExpression - Wrong Structure: expected \\"string\\", but got \\"[\\"some\\", \\"key\\"]\\"",
  },
}
`;

exports[`MapValidator result & error result is an object possibly null fields: f1, f2 then validation will pass 1`] = `
Object {
  "profile-provider": Object {
    "warnings": "27:24 ObjectLiteral - Wrong Object Structure: expected \\"{ f1: string, f2: number }\\", but got \\"{ f1: \\"some string\\", f3: 3 }\\"
31:24 ObjectLiteral - Wrong Object Structure: expected \\"{ f1: string, f2: number }\\", but got \\"{ f3: 3 }\\"",
  },
}
`;

exports[`MapValidator result & error result is an object required fields: f1, f2 then validation will fail 1`] = `
Object {
  "profile-provider": Object {
    "errors": "5:24 ObjectLiteral - Missing required field
5:24 ObjectLiteral - Missing required field
8:20 NullKeyword - Wrong Structure: expected \\"NonNull string\\", but got \\"null\\"
7:24 ObjectLiteral - Missing required field
11:20 NullKeyword - Wrong Structure: expected \\"NonNull boolean\\", but got \\"null\\"
10:24 ObjectLiteral - Missing required field
14:20 NullKeyword - Wrong Structure: expected \\"NonNull string\\", but got \\"null\\"
15:20 NullKeyword - Wrong Structure: expected \\"NonNull boolean\\", but got \\"null\\"
17:24 ObjectLiteral - Missing required field
20:24 ObjectLiteral - Missing required field",
  },
}
`;

exports[`MapValidator result & error result is an object required fields: f1, f2 then validation will pass 1`] = `
Object {
  "profile-provider": Object {
    "warnings": "9:24 ObjectLiteral - Wrong Object Structure: expected \\"{ f1: NonNull string, f2: NonNull boolean }\\", but got \\"{ f1: \\"some string\\", f2: true, f3: 3 }\\"",
  },
}
`;

exports[`MapValidator result & error result is conditioned then validation will pass 1`] = `
Object {
  "profile-provider": Object {
    "warnings": "6:24 ObjectLiteralExpression - Wrong Structure: expected \\"string\\", but got \\"{}\\"",
  },
}
`;

exports[`MapValidator result & error result is variable in different scopes then validation will fail 1`] = `
Object {
  "profile-provider": Object {
    "errors": "5:19 PrimitiveLiteral - Wrong Structure: expected \\"string\\", but got \\"false\\"
18:24 JessieExpression - Wrong Variable Structure: variable a.c expected \\"string\\", but got \\"false\\"",
  },
}
`;

exports[`MapValidator result & error result is variable reassigned (object) then validation will fail 1`] = `
Object {
  "profile-provider": Object {
    "errors": "7:19 PrimitiveLiteral - Wrong Structure: expected \\"{ f1: string, f2: boolean }\\", but got \\"\\"string\\"\\"
8:24 JessieExpression - Wrong Variable Structure: variable foo expected \\"{ f1: string, f2: boolean }\\", but got \\"\\"string\\"\\"",
  },
}
`;

exports[`MapValidator result & error result is variable reassigned (object) then validation will pass 1`] = `
Object {
  "profile-provider": Object {},
}
`;

exports[`MapValidator result & error result is variable reassigned (string) then validation will fail 1`] = `
Object {
  "profile-provider": Object {
    "errors": "6:19 PrimitiveLiteral - Wrong Structure: expected \\"string\\", but got \\"false\\"
7:24 JessieExpression - Wrong Variable Structure: variable a.b expected \\"string\\", but got \\"false\\"",
  },
}
`;

exports[`MapValidator result & error result is variable reassigned (string) then validation will pass 1`] = `
Object {
  "profile-provider": Object {},
}
`;

exports[`MapValidator result & error result is variable referenced in outcome then validation will fail 1`] = `
Object {
  "profile-provider": Object {
    "errors": "5:13 ObjectLiteral - Wrong Structure: expected \\"string\\", but got \\"{ c: \\"string\\" }\\"
6:24 JessieExpression - Wrong Variable Structure: variable a expected \\"string\\", but got \\"{ c: \\"string\\" }\\"",
  },
}
`;

exports[`MapValidator result & error result is variable referenced in outcome then validation will pass 1`] = `
Object {
  "profile-provider": Object {},
}
`;

exports[`MapValidator result & error result is variable using variable with string key then validation will fail 1`] = `
Object {
  "profile-provider": Object {
    "errors": "5:25 PrimitiveLiteral - Wrong Structure: expected \\"string\\", but got \\"false\\"
6:24 JessieExpression - Wrong Variable Structure: variable foo.bar.a expected \\"string\\", but got \\"false\\"",
  },
}
`;

exports[`MapValidator result & error result is variable using variable with string key then validation will pass 1`] = `
Object {
  "profile-provider": Object {},
}
`;

exports[`MapValidator result & error result is variable wrong structure then validation will fail 1`] = `
Object {
  "profile-provider": Object {
    "errors": "5:19 PrimitiveLiteral - Wrong Structure: expected \\"string\\", but got \\"false\\"
6:24 JessieExpression - Wrong Variable Structure: variable a.b expected \\"string\\", but got \\"false\\"",
  },
}
`;

exports[`MapValidator usecase-map compatibility missing maps then validation will fail 1`] = `
Object {
  "profile-provider": Object {
    "errors": "2:7 MapDocument - Map not found: \\"Test2\\"",
  },
}
`;

exports[`MapValidator usecase-map compatibility multiple maps then validation will pass 1`] = `
Object {
  "profile-provider": Object {
    "warnings": "2:7 MapDocument - Extra Maps Found: \\"Test\\", but got \\"Test, Test2\\"",
  },
}
`;

exports[`MapValidator usecase-map compatibility profile error missing then validation will pass 1`] = `
Object {
  "profile-provider": Object {
    "warnings": "5:11 OutcomeStatement - Error Not Found: returning \\"\\"some string\\"\\", but there is no Error defined in usecase",
  },
}
`;

exports[`MapValidator usecase-map compatibility profile input missing then validation will fail 1`] = `
Object {
  "profile-provider": Object {
    "errors": "7:25 PropertyAccessExpression - Input Not Found: \\"input.something\\", but there is no Input defined in usecase
9:40 PropertyAccessExpression - Input Not Found: \\"input.some.variable\\", but there is no Input defined in usecase",
    "warnings": "11:11 OutcomeStatement - Result Not Found: returning \\"output\\", but there is no Result defined in usecase",
  },
}
`;

exports[`MapValidator usecase-map compatibility profile result missing then validation will pass 1`] = `
Object {
  "profile-provider": Object {
    "warnings": "5:11 OutcomeStatement - Result Not Found: returning \\"\\"some string\\"\\", but there is no Result defined in usecase",
  },
}
`;

exports[`MapValidator usecase-map compatibility wrong profile name then validation will fail 1`] = `
Object {
  "wrong-test": Object {
    "errors": "1:1 MapHeader - Wrong Profile Name: expected \\"profile\\", but got \\"wrong\\"",
  },
}
`;

exports[`MapValidator usecase-map compatibility wrong scope then validation will fail 1`] = `
Object {
  "test-test": Object {
    "errors": "1:1 MapHeader - Wrong Scope: expected no scope in profile, but got starwars
1:1 MapHeader - Wrong Profile Name: expected \\"profile\\", but got \\"test\\"",
  },
}
`;

exports[`MapValidator usecase-map compatibility wrong version then validation will fail 1`] = `
Object {
  "test-test": Object {
    "errors": "1:1 MapHeader - Wrong Profile Name: expected \\"profile\\", but got \\"test\\"
1:1 MapHeader - Wrong Profile Version: expected \\"1.0.0\\", but map requests \\"2.0.0\\"",
  },
}
`;
